
Running 30 tests using 1 worker

(node:462390) Warning: The 'NO_COLOR' env is ignored due to the 'FORCE_COLOR' env being set.
(Use `node --trace-warnings ...` to show where the warning was created)
  ✓   1 [chromium] › tests/e2e/v30-motion-fixes.spec.ts:51:3 › V30-01 auto→manual Next takeover plays the swap (bars) rep 1 (3.3s)
  ✓   2 [chromium] › tests/e2e/v30-motion-fixes.spec.ts:51:3 › V30-01 auto→manual Next takeover plays the swap (bars) rep 2 (3.1s)
  ✓   3 [chromium] › tests/e2e/v30-motion-fixes.spec.ts:51:3 › V30-01 auto→manual Next takeover plays the swap (bars) rep 3 (3.4s)
  ✓   4 [chromium] › tests/e2e/v30-motion-fixes.spec.ts:64:1 › V30-01 auto→manual Next takeover plays the swap (cells) (3.1s)
  ✓   5 [chromium] › tests/e2e/v30-motion-fixes.spec.ts:89:5 › V30-02 Prev travels back by identity (bars) rep 1 (2.1s)
  ✓   6 [chromium] › tests/e2e/v30-motion-fixes.spec.ts:89:5 › V30-02 Prev travels back by identity (bars) rep 2 (2.2s)
  ✓   7 [chromium] › tests/e2e/v30-motion-fixes.spec.ts:89:5 › V30-02 Prev travels back by identity (bars) rep 3 (2.3s)
  ✓   8 [chromium] › tests/e2e/v30-motion-fixes.spec.ts:89:5 › V30-02 Prev travels back by identity (cells) rep 1 (2.4s)
  ✓   9 [chromium] › tests/e2e/v30-motion-fixes.spec.ts:89:5 › V30-02 Prev travels back by identity (cells) rep 2 (2.3s)
  ✓  10 [chromium] › tests/e2e/v30-motion-fixes.spec.ts:89:5 › V30-02 Prev travels back by identity (cells) rep 3 (2.3s)
  ✓  11 [chromium] › tests/e2e/v30-motion-fixes.spec.ts:104:1 › V30-03 merge [4,1,3,2] buffers appear/disappear: main card fixed (≤1px) (3.3s)
  ✓  12 [chromium] › tests/e2e/v30-motion-fixes.spec.ts:139:1 › V30-03 merge tree open: call-stack wrap does not move the main card (3.6s)
  ✘  13 [chromium] › tests/e2e/v30-motion-fixes.spec.ts:167:1 › V30-03 fit guard: run-max strip never pushes the main array out of the stage (merge 7, tree open) (6.9s)
(node:463457) Warning: The 'NO_COLOR' env is ignored due to the 'FORCE_COLOR' env being set.
(Use `node --trace-warnings ...` to show where the warning was created)
  ✓  14 [chromium] › tests/e2e/v30-motion-fixes.spec.ts:209:3 › 844x390 › V30-03 merge [4,1,3,2] tree open: main card fixed, tree toggle stays in the strip (3.4s)
  ✓  15 [chromium] › tests/e2e/v30-motion-fixes.spec.ts:245:5 › 390x844 › V30-03 insertion [1,-1] temp: buffers appear/disappear, main card fixed (1.9s)
  ✓  16 [chromium] › tests/e2e/v30-motion-fixes.spec.ts:245:5 › 390x844 › V30-03 merge multi-digit: buffers appear/disappear, main card fixed (4.9s)
  ✓  17 [chromium] › tests/e2e/v30-motion-fixes.spec.ts:262:3 › 375x812 narration wrap › V30-03 merge multi-digit: a wrapping step narration does not move the main card (5.1s)
  ✓  18 [chromium] › tests/e2e/v30-motion-fixes.spec.ts:277:1 › V30-03b merge [4,1,3,2] bars: plot baseline fixed when the tallest element is parked in a buffer (3.5s)
  ✓  19 [chromium] › tests/e2e/v30-motion-fixes.spec.ts:287:3 › 390x844 pointer track › V30-03b cells: wrapped rows do not move when pointers appear / stack (1.7s)
  ✓  20 [chromium] › tests/e2e/v30-motion-fixes.spec.ts:302:1 › V30 pure autoplay [2,1]: swap travels, nothing paused, frame fixed (4.6s)
  ✓  21 [chromium] › tests/e2e/v30-motion-fixes.spec.ts:317:1 › V30 active pause mid-swap freezes progress; resume continues (no jump, no replay) (4.0s)
  ✓  22 [chromium] › tests/e2e/v30-motion-fixes.spec.ts:351:1 › V30 seek/reset mid-motion = clean snapshot jump (3.4s)
  ✓  23 [chromium] › tests/e2e/v30-motion-fixes.spec.ts:364:1 › V30 rapid Next ×4 from paused lands correctly (no frozen, no swallowed clicks) (1.9s)
  ✓  24 [chromium] › tests/e2e/v30-motion-fixes.spec.ts:375:3 › V30 auto→Prev mid-swap reverses from the current visible position rep 1 (3.8s)
  ✓  25 [chromium] › tests/e2e/v30-motion-fixes.spec.ts:375:3 › V30 auto→Prev mid-swap reverses from the current visible position rep 2 (3.8s)
  ✓  26 [chromium] › tests/e2e/v30-motion-fixes.spec.ts:375:3 › V30 auto→Prev mid-swap reverses from the current visible position rep 3 (3.9s)
  ✓  27 [chromium] › tests/e2e/v30-motion-fixes.spec.ts:396:1 › V30 rapid Next during a swap continues motion (no snap, no freeze) (1.9s)
  ✓  28 [chromium] › tests/e2e/v30-motion-fixes.spec.ts:420:3 › reduced motion › V30 reduced: takeover + Prev land instantly with correct order (3.3s)
  ✓  29 [chromium] › tests/e2e/v30-motion-fixes.spec.ts:433:3 › reduced motion › V30 reduced: first frame lands on the same geometry as after Next→Prev (unsigned strut) (1.9s)
  ✓  30 [chromium] › tests/e2e/v30-motion-fixes.spec.ts:433:3 › reduced motion › V30 reduced: first frame lands on the same geometry as after Next→Prev (signed plot) (1.9s)


  1) [chromium] › tests/e2e/v30-motion-fixes.spec.ts:167:1 › V30-03 fit guard: run-max strip never pushes the main array out of the stage (merge 7, tree open) 

    Error: {"stBottom":502.984375,"mTop":264.859375,"mBottom":572.40625,"toggleInStrip":true}

    expect(received).toBeLessThanOrEqual(expected)

    Expected: <= 503.984375
    Received:    572.40625

      197 |   }
      198 |   for (const f of facts) {
    > 199 |     expect(f.mBottom, JSON.stringify(f)).toBeLessThanOrEqual(f.stBottom + 1)
          |                                          ^
      200 |     expect(f.toggleInStrip, `tree toggle visible in the strip ${JSON.stringify(f)}`).toBe(true)
      201 |   }
      202 |   await realClick(page, page.getByTestId('aux-toggle-recursion-tree'))
        at /workspace/algorithm-design-viz/tests/e2e/v30-motion-fixes.spec.ts:199:42

    attachment #1: screenshot (image/png) ──────────────────────────────────────────────────────────
    test-results/v30-motion-fixes-V30-03-fi-2d2d6-he-stage-merge-7-tree-open--chromium/test-failed-1.png
    ────────────────────────────────────────────────────────────────────────────────────────────────

    Error Context: test-results/v30-motion-fixes-V30-03-fi-2d2d6-he-stage-merge-7-tree-open--chromium/error-context.md

  1 failed
    [chromium] › tests/e2e/v30-motion-fixes.spec.ts:167:1 › V30-03 fit guard: run-max strip never pushes the main array out of the stage (merge 7, tree open) 
  29 passed (1.6m)
EXIT 1
