
Running 57 tests using 1 worker

(node:466365) Warning: The 'NO_COLOR' env is ignored due to the 'FORCE_COLOR' env being set.
(Use `node --trace-warnings ...` to show where the warning was created)
  ✓   1 [chromium] › tests/e2e/v30-motion-fixes.spec.ts:51:3 › V30-01 auto→manual Next takeover plays the swap (bars) rep 1 (3.5s)
  ✓   2 [chromium] › tests/e2e/v30-motion-fixes.spec.ts:51:3 › V30-01 auto→manual Next takeover plays the swap (bars) rep 2 (3.2s)
  ✓   3 [chromium] › tests/e2e/v30-motion-fixes.spec.ts:51:3 › V30-01 auto→manual Next takeover plays the swap (bars) rep 3 (3.3s)
  ✓   4 [chromium] › tests/e2e/v30-motion-fixes.spec.ts:64:1 › V30-01 auto→manual Next takeover plays the swap (cells) (3.2s)
  ✓   5 [chromium] › tests/e2e/v30-motion-fixes.spec.ts:89:5 › V30-02 Prev travels back by identity (bars) rep 1 (2.4s)
  ✓   6 [chromium] › tests/e2e/v30-motion-fixes.spec.ts:89:5 › V30-02 Prev travels back by identity (bars) rep 2 (2.4s)
  ✓   7 [chromium] › tests/e2e/v30-motion-fixes.spec.ts:89:5 › V30-02 Prev travels back by identity (bars) rep 3 (2.4s)
  ✓   8 [chromium] › tests/e2e/v30-motion-fixes.spec.ts:89:5 › V30-02 Prev travels back by identity (cells) rep 1 (2.3s)
  ✓   9 [chromium] › tests/e2e/v30-motion-fixes.spec.ts:89:5 › V30-02 Prev travels back by identity (cells) rep 2 (2.3s)
  ✓  10 [chromium] › tests/e2e/v30-motion-fixes.spec.ts:89:5 › V30-02 Prev travels back by identity (cells) rep 3 (2.3s)
  ✓  11 [chromium] › tests/e2e/v30-motion-fixes.spec.ts:104:1 › V30-03 merge [4,1,3,2] buffers appear/disappear: main card fixed (≤1px) (3.2s)
  ✓  12 [chromium] › tests/e2e/v30-motion-fixes.spec.ts:139:1 › V30-03 merge tree open: call-stack wrap does not move the main card (3.4s)
  ✓  13 [chromium] › tests/e2e/v30-motion-fixes.spec.ts:167:1 › V30-03 fit guard: run-max strip never pushes the main array out of the stage (merge 7, tree open) (6.9s)
  ✓  14 [chromium] › tests/e2e/v30-motion-fixes.spec.ts:209:3 › 844x390 › V30-03 merge [4,1,3,2] tree open: main card fixed, tree toggle stays in the strip (3.1s)
  ✓  15 [chromium] › tests/e2e/v30-motion-fixes.spec.ts:245:5 › 390x844 › V30-03 insertion [1,-1] temp: buffers appear/disappear, main card fixed (1.9s)
  ✓  16 [chromium] › tests/e2e/v30-motion-fixes.spec.ts:245:5 › 390x844 › V30-03 merge multi-digit: buffers appear/disappear, main card fixed (4.9s)
  ✓  17 [chromium] › tests/e2e/v30-motion-fixes.spec.ts:262:3 › 375x812 narration wrap › V30-03 merge multi-digit: a wrapping step narration does not move the main card (5.2s)
  ✓  18 [chromium] › tests/e2e/v30-motion-fixes.spec.ts:277:1 › V30-03b merge [4,1,3,2] bars: plot baseline fixed when the tallest element is parked in a buffer (3.2s)
  ✓  19 [chromium] › tests/e2e/v30-motion-fixes.spec.ts:287:3 › 390x844 pointer track › V30-03b cells: wrapped rows do not move when pointers appear / stack (1.7s)
  ✓  20 [chromium] › tests/e2e/v30-motion-fixes.spec.ts:302:1 › V30 pure autoplay [2,1]: swap travels, nothing paused, frame fixed (4.6s)
  ✓  21 [chromium] › tests/e2e/v30-motion-fixes.spec.ts:317:1 › V30 active pause mid-swap freezes progress; resume continues (no jump, no replay) (3.9s)
  ✓  22 [chromium] › tests/e2e/v30-motion-fixes.spec.ts:351:1 › V30 seek/reset mid-motion = clean snapshot jump (3.4s)
  ✓  23 [chromium] › tests/e2e/v30-motion-fixes.spec.ts:364:1 › V30 rapid Next ×4 from paused lands correctly (no frozen, no swallowed clicks) (1.8s)
  ✓  24 [chromium] › tests/e2e/v30-motion-fixes.spec.ts:375:3 › V30 auto→Prev mid-swap reverses from the current visible position rep 1 (3.7s)
  ✓  25 [chromium] › tests/e2e/v30-motion-fixes.spec.ts:375:3 › V30 auto→Prev mid-swap reverses from the current visible position rep 2 (3.8s)
  ✓  26 [chromium] › tests/e2e/v30-motion-fixes.spec.ts:375:3 › V30 auto→Prev mid-swap reverses from the current visible position rep 3 (3.8s)
  ✓  27 [chromium] › tests/e2e/v30-motion-fixes.spec.ts:396:1 › V30 rapid Next during a swap continues motion (no snap, no freeze) (1.9s)
  ✓  28 [chromium] › tests/e2e/v30-motion-fixes.spec.ts:420:3 › reduced motion › V30 reduced: takeover + Prev land instantly with correct order (3.3s)
  ✓  29 [chromium] › tests/e2e/v30-motion-fixes.spec.ts:433:3 › reduced motion › V30 reduced: first frame lands on the same geometry as after Next→Prev (unsigned strut) (1.9s)
  ✓  30 [chromium] › tests/e2e/v30-motion-fixes.spec.ts:433:3 › reduced motion › V30 reduced: first frame lands on the same geometry as after Next→Prev (signed plot) (1.7s)
  ✓  31 [chromium] › tests/e2e/v31-mobile-budget.spec.ts:36:3 › 375x812 phone › V31-01 n=16 frame 31/144: main array has priority, companions are not the majority (5.8s)
  ✓  32 [chromium] › tests/e2e/v31-mobile-budget.spec.ts:52:3 › 375x812 phone › V31-01 n=7: no oversized companion band (aux bar not squeezed into a glyph column) (1.9s)
  ✓  33 [chromium] › tests/e2e/v31-mobile-budget.spec.ts:63:3 › 375x812 phone › V31-01 n=16 whole run: one main allocation, overflow frames scroll in-band with affordance and readable pointers (23.0s)
  ✓  34 [chromium] › tests/e2e/v31-mobile-budget.spec.ts:144:5 › M2 375x812 › V31 M2 n=7 whole run 375x812: one main allocation, companions readable, same-step data, nothing unreachable (6.0s)
  ✓  35 [chromium] › tests/e2e/v31-mobile-budget.spec.ts:144:5 › M2 375x812 › V31 M2 n=16 whole run 375x812: one main allocation, companions readable, same-step data, nothing unreachable (22.7s)
  ✓  36 [chromium] › tests/e2e/v31-mobile-budget.spec.ts:144:5 › M2 390x844 › V31 M2 n=7 whole run 390x844: one main allocation, companions readable, same-step data, nothing unreachable (5.8s)
  ✓  37 [chromium] › tests/e2e/v31-mobile-budget.spec.ts:144:5 › M2 390x844 › V31 M2 n=16 whole run 390x844: one main allocation, companions readable, same-step data, nothing unreachable (23.1s)
  ✓  38 [chromium] › tests/e2e/v31-mobile-budget.spec.ts:144:5 › M2 844x390 › V31 M2 n=7 whole run 844x390: one main allocation, companions readable, same-step data, nothing unreachable (5.6s)
  ✓  39 [chromium] › tests/e2e/v31-mobile-budget.spec.ts:144:5 › M2 844x390 › V31 M2 n=16 whole run 844x390: one main allocation, companions readable, same-step data, nothing unreachable (22.5s)
  ✓  40 [chromium] › tests/e2e/v31-mobile-budget.spec.ts:144:5 › M2 1024x600 › V31 M2 n=7 whole run 1024x600: one main allocation, companions readable, same-step data, nothing unreachable (5.9s)
  ✓  41 [chromium] › tests/e2e/v31-mobile-budget.spec.ts:144:5 › M2 1024x600 › V31 M2 n=16 whole run 1024x600: one main allocation, companions readable, same-step data, nothing unreachable (24.0s)
  ✓  42 [chromium] › tests/e2e/v31-mobile-budget.spec.ts:144:5 › M2 1366x768 › V31 M2 n=7 whole run 1366x768: one main allocation, companions readable, same-step data, nothing unreachable (6.1s)
  ✓  43 [chromium] › tests/e2e/v31-mobile-budget.spec.ts:144:5 › M2 1366x768 › V31 M2 n=16 whole run 1366x768: one main allocation, companions readable, same-step data, nothing unreachable (24.0s)
  ✓  44 [chromium] › tests/e2e/v31-mobile-budget.spec.ts:144:5 › M2 1920x1080 › V31 M2 n=7 whole run 1920x1080: one main allocation, companions readable, same-step data, nothing unreachable (6.0s)
  ✓  45 [chromium] › tests/e2e/v31-mobile-budget.spec.ts:144:5 › M2 1920x1080 › V31 M2 n=16 whole run 1920x1080: one main allocation, companions readable, same-step data, nothing unreachable (23.2s)
  ✓  46 [chromium] › tests/e2e/v31-mobile-budget.spec.ts:181:7 › M2 large n 375x812 › V31 M2 n=24 375x812: every main slot reachable; real wheel scroll paints the last slot (4.9s)
  ✓  47 [chromium] › tests/e2e/v31-mobile-budget.spec.ts:181:7 › M2 large n 375x812 › V31 M2 n=32 375x812: every main slot reachable; real wheel scroll paints the last slot (6.6s)
  ✓  48 [chromium] › tests/e2e/v31-mobile-budget.spec.ts:181:7 › M2 large n 390x844 › V31 M2 n=24 390x844: every main slot reachable; real wheel scroll paints the last slot (4.9s)
  ✓  49 [chromium] › tests/e2e/v31-mobile-budget.spec.ts:181:7 › M2 large n 390x844 › V31 M2 n=32 390x844: every main slot reachable; real wheel scroll paints the last slot (6.4s)
  ✓  50 [chromium] › tests/e2e/v31-mobile-budget.spec.ts:181:7 › M2 large n 844x390 › V31 M2 n=24 844x390: every main slot reachable; real wheel scroll paints the last slot (4.8s)
  ✓  51 [chromium] › tests/e2e/v31-mobile-budget.spec.ts:181:7 › M2 large n 844x390 › V31 M2 n=32 844x390: every main slot reachable; real wheel scroll paints the last slot (6.4s)
  ✓  52 [chromium] › tests/e2e/v31-mobile-budget.spec.ts:181:7 › M2 large n 1024x600 › V31 M2 n=24 1024x600: every main slot reachable; real wheel scroll paints the last slot (5.0s)
  ✓  53 [chromium] › tests/e2e/v31-mobile-budget.spec.ts:181:7 › M2 large n 1024x600 › V31 M2 n=32 1024x600: every main slot reachable; real wheel scroll paints the last slot (6.7s)
  ✓  54 [chromium] › tests/e2e/v31-mobile-budget.spec.ts:181:7 › M2 large n 1366x768 › V31 M2 n=24 1366x768: every main slot reachable; real wheel scroll paints the last slot (5.0s)
  ✓  55 [chromium] › tests/e2e/v31-mobile-budget.spec.ts:181:7 › M2 large n 1366x768 › V31 M2 n=32 1366x768: every main slot reachable; real wheel scroll paints the last slot (6.5s)
  ✓  56 [chromium] › tests/e2e/v31-mobile-budget.spec.ts:181:7 › M2 large n 1920x1080 › V31 M2 n=24 1920x1080: every main slot reachable; real wheel scroll paints the last slot (5.1s)
  ✓  57 [chromium] › tests/e2e/v31-mobile-budget.spec.ts:181:7 › M2 large n 1920x1080 › V31 M2 n=32 1920x1080: every main slot reachable; real wheel scroll paints the last slot (6.5s)

  57 passed (6.2m)
EXIT 0
